// Jest Snapshot v1, https://goo.gl/fbAQLP

exports[`GlobalNavbar default 1`] = `
<DocumentFragment>
  <nav
    aria-label="Main Menu"
    class="navbar"
  >
    <h1
      class="logo"
    >
      <a
        class="d-flex align-items-center"
        href="/search"
      >
        <brandlogo
          class="logo"
          variant="symbol"
        />
      </a>
    </h1>
    <hr
      class="divider"
    />
    <div
      class="menu"
    >
      <button
        aria-label="Sections Navigation"
        class="btn menuButton"
        type="button"
      >
        <svg
          class="mdi-icon icon-inline"
          fill="currentColor"
          height="24"
          viewBox="0 0 24 24"
          width="24"
        >
          <path
            d="M3,6H21V8H3V6M3,11H21V13H3V11M3,16H21V18H3V16Z"
          />
        </svg>
        <svg
          class="mdi-icon icon-inline"
          fill="currentColor"
          height="24"
          viewBox="0 0 24 24"
          width="24"
        >
          <path
            d="M7.41,8.58L12,13.17L16.59,8.58L18,10L12,16L6,10L7.41,8.58Z"
          />
        </svg>
      </button>
      <ul
        class="list menuClose"
      >
        <li
          class="item d-none d-md-flex"
        >
          <div
            class="btn-group"
          >
            <a
              aria-expanded="false"
              aria-haspopup="true"
              class="link d-flex align-items-center p-0 nav-link"
              href="#"
            >
              <span
                class="linkContent"
              >
                <svg
                  class="mdi-icon icon-inline icon"
                  fill="currentColor"
                  height="24"
                  viewBox="0 0 24 24"
                  width="24"
                >
                  <path
                    d="M9.5,3A6.5,6.5 0 0,1 16,9.5C16,11.11 15.41,12.59 14.44,13.73L14.71,14H15.5L20.5,19L19,20.5L14,15.5V14.71L13.73,14.44C12.59,15.41 11.11,16 9.5,16A6.5,6.5 0 0,1 3,9.5A6.5,6.5 0 0,1 9.5,3M9.5,5C7,5 5,7 5,9.5C5,12 7,14 9.5,14C12,14 14,12 14,9.5C14,7 12,5 9.5,5Z"
                  />
                </svg>
                <span
                  class="text iconIncluded"
                >
                  Code Search
                </span>
                <svg
                  class="mdi-icon icon-inline icon"
                  fill="currentColor"
                  height="24"
                  viewBox="0 0 24 24"
                  width="24"
                >
                  <path
                    d="M7.41,8.58L12,13.17L16.59,8.58L18,10L12,16L6,10L7.41,8.58Z"
                  />
                </svg>
              </span>
            </a>
            <div
              aria-hidden="true"
              class="dropdown-menu"
              role="menu"
              tabindex="-1"
            >
              <a
                class="dropdown-item"
                to="/search"
              >
                <svg
                  class="mdi-icon icon-inline"
                  fill="currentColor"
                  height="24"
                  viewBox="0 0 24 24"
                  width="24"
                >
                  <path
                    d="M9.5,3A6.5,6.5 0 0,1 16,9.5C16,11.11 15.41,12.59 14.44,13.73L14.71,14H15.5L20.5,19L19,20.5L14,15.5V14.71L13.73,14.44C12.59,15.41 11.11,16 9.5,16A6.5,6.5 0 0,1 3,9.5A6.5,6.5 0 0,1 9.5,3M9.5,5C7,5 5,7 5,9.5C5,12 7,14 9.5,14C12,14 14,12 14,9.5C14,7 12,5 9.5,5Z"
                  />
                </svg>
                 Code Search
              </a>
              <a
                class="dropdown-item"
                to="/contexts"
              >
                <svg
                  class="mdi-icon icon-inline"
                  fill="currentColor"
                  height="24"
                  viewBox="0 0 24 24"
                  width="24"
                >
                  <path
                    d="M8,0H20A2,2 0 0,1 22,2V18A2,2 0 0,1 20,20H8A2,2 0 0,1 6,18V2A2,2 0 0,1 8,0M14.75,11.5C17.5,11.5 18.24,9.47 18.43,8.4C19.34,8.11 20,7.26 20,6.25C20,5 19,4 17.75,4C16.5,4 15.5,5 15.5,6.25C15.5,7.19 16.07,8 16.89,8.33C16.67,9 16,10 14,10C12.62,10 11.66,10.35 11,10.84V6.87C11.87,6.56 12.5,5.73 12.5,4.75C12.5,3.5 11.5,2.5 10.25,2.5C9,2.5 8,3.5 8,4.75C8,5.73 8.63,6.56 9.5,6.87V13.13C8.63,13.44 8,14.27 8,15.25C8,16.5 9,17.5 10.25,17.5C11.5,17.5 12.5,16.5 12.5,15.25C12.5,14.32 11.94,13.5 11.13,13.18C11.41,12.5 12.23,11.5 14.75,11.5M10.25,14.5A0.75,0.75 0 0,1 11,15.25A0.75,0.75 0 0,1 10.25,16A0.75,0.75 0 0,1 9.5,15.25A0.75,0.75 0 0,1 10.25,14.5M10.25,4A0.75,0.75 0 0,1 11,4.75A0.75,0.75 0 0,1 10.25,5.5A0.75,0.75 0 0,1 9.5,4.75A0.75,0.75 0 0,1 10.25,4M17.75,5.5A0.75,0.75 0 0,1 18.5,6.25A0.75,0.75 0 0,1 17.75,7A0.75,0.75 0 0,1 17,6.25A0.75,0.75 0 0,1 17.75,5.5M16,22V24H4A2,2 0 0,1 2,22V6H4V22H16Z"
                  />
                </svg>
                 Contexts 
                <span
                  class="badge badgeCapitalized d-inline-flex align-items-center badge-info ml-1"
                >
                  new
                </span>
              </a>
            </div>
          </div>
        </li>
        <li
          class="item d-flex d-md-none"
        >
          <a
            class="link"
            href="/search"
          >
            <span
              class="linkContent"
            >
              <svg
                class="mdi-icon icon-inline icon"
                fill="currentColor"
                height="24"
                viewBox="0 0 24 24"
                width="24"
              >
                <path
                  d="M9.5,3A6.5,6.5 0 0,1 16,9.5C16,11.11 15.41,12.59 14.44,13.73L14.71,14H15.5L20.5,19L19,20.5L14,15.5V14.71L13.73,14.44C12.59,15.41 11.11,16 9.5,16A6.5,6.5 0 0,1 3,9.5A6.5,6.5 0 0,1 9.5,3M9.5,5C7,5 5,7 5,9.5C5,12 7,14 9.5,14C12,14 14,12 14,9.5C14,7 12,5 9.5,5Z"
                />
              </svg>
              <span
                class="text iconIncluded"
              >
                Code Search
              </span>
            </span>
          </a>
        </li>
        <li
          class="item d-flex d-md-none"
        >
          <a
            class="link"
            href="/contexts"
          >
            <span
              class="linkContent pl-2"
            >
              <svg
                class="mdi-icon icon-inline icon"
                fill="currentColor"
                height="24"
                viewBox="0 0 24 24"
                width="24"
              >
                <path
                  d="M8,0H20A2,2 0 0,1 22,2V18A2,2 0 0,1 20,20H8A2,2 0 0,1 6,18V2A2,2 0 0,1 8,0M14.75,11.5C17.5,11.5 18.24,9.47 18.43,8.4C19.34,8.11 20,7.26 20,6.25C20,5 19,4 17.75,4C16.5,4 15.5,5 15.5,6.25C15.5,7.19 16.07,8 16.89,8.33C16.67,9 16,10 14,10C12.62,10 11.66,10.35 11,10.84V6.87C11.87,6.56 12.5,5.73 12.5,4.75C12.5,3.5 11.5,2.5 10.25,2.5C9,2.5 8,3.5 8,4.75C8,5.73 8.63,6.56 9.5,6.87V13.13C8.63,13.44 8,14.27 8,15.25C8,16.5 9,17.5 10.25,17.5C11.5,17.5 12.5,16.5 12.5,15.25C12.5,14.32 11.94,13.5 11.13,13.18C11.41,12.5 12.23,11.5 14.75,11.5M10.25,14.5A0.75,0.75 0 0,1 11,15.25A0.75,0.75 0 0,1 10.25,16A0.75,0.75 0 0,1 9.5,15.25A0.75,0.75 0 0,1 10.25,14.5M10.25,4A0.75,0.75 0 0,1 11,4.75A0.75,0.75 0 0,1 10.25,5.5A0.75,0.75 0 0,1 9.5,4.75A0.75,0.75 0 0,1 10.25,4M17.75,5.5A0.75,0.75 0 0,1 18.5,6.25A0.75,0.75 0 0,1 17.75,7A0.75,0.75 0 0,1 17,6.25A0.75,0.75 0 0,1 17.75,5.5M16,22V24H4A2,2 0 0,1 2,22V6H4V22H16Z"
                />
              </svg>
              <span
                class="text iconIncluded"
              >
                Contexts 
                <span
                  class="badge badgeCapitalized d-inline-flex align-items-center badge-info ml-1"
                >
                  new
                </span>
              </span>
            </span>
          </a>
        </li>
        <li
          class="item"
        >
          <a
            class="link"
            href="/extensions"
          >
            <span
              class="linkContent"
            >
              <svg
                class="mdi-icon icon-inline icon"
                fill="currentColor"
                height="24"
                viewBox="0 0 24 24"
                width="24"
              >
                <path
                  d="M22,13.5C22,15.26 20.7,16.72 19,16.96V20A2,2 0 0,1 17,22H13.2V21.7A2.7,2.7 0 0,0 10.5,19C9,19 7.8,20.21 7.8,21.7V22H4A2,2 0 0,1 2,20V16.2H2.3C3.79,16.2 5,15 5,13.5C5,12 3.79,10.8 2.3,10.8H2V7A2,2 0 0,1 4,5H7.04C7.28,3.3 8.74,2 10.5,2C12.26,2 13.72,3.3 13.96,5H17A2,2 0 0,1 19,7V10.04C20.7,10.28 22,11.74 22,13.5M17,15H18.5A1.5,1.5 0 0,0 20,13.5A1.5,1.5 0 0,0 18.5,12H17V7H12V5.5A1.5,1.5 0 0,0 10.5,4A1.5,1.5 0 0,0 9,5.5V7H4V9.12C5.76,9.8 7,11.5 7,13.5C7,15.5 5.75,17.2 4,17.88V20H6.12C6.8,18.25 8.5,17 10.5,17C12.5,17 14.2,18.25 14.88,20H17V15Z"
                />
              </svg>
              <span
                class="text iconIncluded"
              >
                Extensions
              </span>
            </span>
          </a>
        </li>
      </ul>
    </div>
    <ul
      class="actions"
    >
      <li
        class="action"
      >
        <a
          class="link"
          to="https://about.sourcegraph.com"
        >
          About 
          <span
            class="d-none d-sm-inline"
          >
            Sourcegraph
          </span>
        </a>
      </li>
      <li
        class="action"
      >
        <div>
          <a
            class="btn btn-sm btn-outline-secondary mr-1"
            to="/sign-in"
          >
            Log in
          </a>
          <a
            class="btn btn-sm signUp"
            to="/sign-up"
          >
            Sign up
          </a>
        </div>
      </li>
    </ul>
  </nav>
  <div
    class="w-100 px-3 pt-2"
  >
    <div
      class="pb-2 border-bottom"
    >
      <searchnavbaritem
        availableversioncontexts=""
        defaultsearchcontextspec=""
        extensionscontroller="[object Object]"
        history="[object Object]"
        keyboardshortcuts=""
        location="[object Object]"
        parsedsearchquery="r:golang/oauth2 test f:travis"
        patterntype="literal"
        platformcontext="[object Object]"
        routes=""
        selectedsearchcontextspec=""
        settingscascade="[object Object]"
        telemetryservice="[object Object]"
        themepreference="light"
      />
    </div>
  </div>
</DocumentFragment>
`;

exports[`GlobalNavbar low-profile 1`] = `
<DocumentFragment>
  <nav
    aria-label="Main Menu"
    class="navbar"
  >
    <h1
      class="logo"
    >
      <a
        class="d-flex align-items-center"
        href="/search"
      >
        <brandlogo
          class="logo"
          variant="symbol"
        />
      </a>
    </h1>
    <hr
      class="divider"
    />
    <div
      class="menu"
    >
      <button
        aria-label="Sections Navigation"
        class="btn menuButton"
        type="button"
      >
        <svg
          class="mdi-icon icon-inline"
          fill="currentColor"
          height="24"
          viewBox="0 0 24 24"
          width="24"
        >
          <path
            d="M3,6H21V8H3V6M3,11H21V13H3V11M3,16H21V18H3V16Z"
          />
        </svg>
        <svg
          class="mdi-icon icon-inline"
          fill="currentColor"
          height="24"
          viewBox="0 0 24 24"
          width="24"
        >
          <path
            d="M7.41,8.58L12,13.17L16.59,8.58L18,10L12,16L6,10L7.41,8.58Z"
          />
        </svg>
      </button>
      <ul
        class="list menuClose"
      >
        <li
          class="item d-none d-md-flex"
        >
          <div
            class="btn-group"
          >
            <a
              aria-expanded="false"
              aria-haspopup="true"
              class="link d-flex align-items-center p-0 nav-link"
              href="#"
            >
              <span
                class="linkContent"
              >
                <svg
                  class="mdi-icon icon-inline icon"
                  fill="currentColor"
                  height="24"
                  viewBox="0 0 24 24"
                  width="24"
                >
                  <path
                    d="M9.5,3A6.5,6.5 0 0,1 16,9.5C16,11.11 15.41,12.59 14.44,13.73L14.71,14H15.5L20.5,19L19,20.5L14,15.5V14.71L13.73,14.44C12.59,15.41 11.11,16 9.5,16A6.5,6.5 0 0,1 3,9.5A6.5,6.5 0 0,1 9.5,3M9.5,5C7,5 5,7 5,9.5C5,12 7,14 9.5,14C12,14 14,12 14,9.5C14,7 12,5 9.5,5Z"
                  />
                </svg>
                <span
                  class="text iconIncluded"
                >
                  Code Search
                </span>
                <svg
                  class="mdi-icon icon-inline icon"
                  fill="currentColor"
                  height="24"
                  viewBox="0 0 24 24"
                  width="24"
                >
                  <path
                    d="M7.41,8.58L12,13.17L16.59,8.58L18,10L12,16L6,10L7.41,8.58Z"
                  />
                </svg>
              </span>
            </a>
            <div
              aria-hidden="true"
              class="dropdown-menu"
              role="menu"
              tabindex="-1"
            >
              <a
                class="dropdown-item"
                to="/search"
              >
                <svg
                  class="mdi-icon icon-inline"
                  fill="currentColor"
                  height="24"
                  viewBox="0 0 24 24"
                  width="24"
                >
                  <path
                    d="M9.5,3A6.5,6.5 0 0,1 16,9.5C16,11.11 15.41,12.59 14.44,13.73L14.71,14H15.5L20.5,19L19,20.5L14,15.5V14.71L13.73,14.44C12.59,15.41 11.11,16 9.5,16A6.5,6.5 0 0,1 3,9.5A6.5,6.5 0 0,1 9.5,3M9.5,5C7,5 5,7 5,9.5C5,12 7,14 9.5,14C12,14 14,12 14,9.5C14,7 12,5 9.5,5Z"
                  />
                </svg>
                 Code Search
              </a>
              <a
                class="dropdown-item"
                to="/contexts"
              >
                <svg
                  class="mdi-icon icon-inline"
                  fill="currentColor"
                  height="24"
                  viewBox="0 0 24 24"
                  width="24"
                >
                  <path
                    d="M8,0H20A2,2 0 0,1 22,2V18A2,2 0 0,1 20,20H8A2,2 0 0,1 6,18V2A2,2 0 0,1 8,0M14.75,11.5C17.5,11.5 18.24,9.47 18.43,8.4C19.34,8.11 20,7.26 20,6.25C20,5 19,4 17.75,4C16.5,4 15.5,5 15.5,6.25C15.5,7.19 16.07,8 16.89,8.33C16.67,9 16,10 14,10C12.62,10 11.66,10.35 11,10.84V6.87C11.87,6.56 12.5,5.73 12.5,4.75C12.5,3.5 11.5,2.5 10.25,2.5C9,2.5 8,3.5 8,4.75C8,5.73 8.63,6.56 9.5,6.87V13.13C8.63,13.44 8,14.27 8,15.25C8,16.5 9,17.5 10.25,17.5C11.5,17.5 12.5,16.5 12.5,15.25C12.5,14.32 11.94,13.5 11.13,13.18C11.41,12.5 12.23,11.5 14.75,11.5M10.25,14.5A0.75,0.75 0 0,1 11,15.25A0.75,0.75 0 0,1 10.25,16A0.75,0.75 0 0,1 9.5,15.25A0.75,0.75 0 0,1 10.25,14.5M10.25,4A0.75,0.75 0 0,1 11,4.75A0.75,0.75 0 0,1 10.25,5.5A0.75,0.75 0 0,1 9.5,4.75A0.75,0.75 0 0,1 10.25,4M17.75,5.5A0.75,0.75 0 0,1 18.5,6.25A0.75,0.75 0 0,1 17.75,7A0.75,0.75 0 0,1 17,6.25A0.75,0.75 0 0,1 17.75,5.5M16,22V24H4A2,2 0 0,1 2,22V6H4V22H16Z"
                  />
                </svg>
                 Contexts 
                <span
                  class="badge badgeCapitalized d-inline-flex align-items-center badge-info ml-1"
                >
                  new
                </span>
              </a>
            </div>
          </div>
        </li>
        <li
          class="item d-flex d-md-none"
        >
          <a
            class="link"
            href="/search"
          >
            <span
              class="linkContent"
            >
              <svg
                class="mdi-icon icon-inline icon"
                fill="currentColor"
                height="24"
                viewBox="0 0 24 24"
                width="24"
              >
                <path
                  d="M9.5,3A6.5,6.5 0 0,1 16,9.5C16,11.11 15.41,12.59 14.44,13.73L14.71,14H15.5L20.5,19L19,20.5L14,15.5V14.71L13.73,14.44C12.59,15.41 11.11,16 9.5,16A6.5,6.5 0 0,1 3,9.5A6.5,6.5 0 0,1 9.5,3M9.5,5C7,5 5,7 5,9.5C5,12 7,14 9.5,14C12,14 14,12 14,9.5C14,7 12,5 9.5,5Z"
                />
              </svg>
              <span
                class="text iconIncluded"
              >
                Code Search
              </span>
            </span>
          </a>
        </li>
        <li
          class="item d-flex d-md-none"
        >
          <a
            class="link"
            href="/contexts"
          >
            <span
              class="linkContent pl-2"
            >
              <svg
                class="mdi-icon icon-inline icon"
                fill="currentColor"
                height="24"
                viewBox="0 0 24 24"
                width="24"
              >
                <path
                  d="M8,0H20A2,2 0 0,1 22,2V18A2,2 0 0,1 20,20H8A2,2 0 0,1 6,18V2A2,2 0 0,1 8,0M14.75,11.5C17.5,11.5 18.24,9.47 18.43,8.4C19.34,8.11 20,7.26 20,6.25C20,5 19,4 17.75,4C16.5,4 15.5,5 15.5,6.25C15.5,7.19 16.07,8 16.89,8.33C16.67,9 16,10 14,10C12.62,10 11.66,10.35 11,10.84V6.87C11.87,6.56 12.5,5.73 12.5,4.75C12.5,3.5 11.5,2.5 10.25,2.5C9,2.5 8,3.5 8,4.75C8,5.73 8.63,6.56 9.5,6.87V13.13C8.63,13.44 8,14.27 8,15.25C8,16.5 9,17.5 10.25,17.5C11.5,17.5 12.5,16.5 12.5,15.25C12.5,14.32 11.94,13.5 11.13,13.18C11.41,12.5 12.23,11.5 14.75,11.5M10.25,14.5A0.75,0.75 0 0,1 11,15.25A0.75,0.75 0 0,1 10.25,16A0.75,0.75 0 0,1 9.5,15.25A0.75,0.75 0 0,1 10.25,14.5M10.25,4A0.75,0.75 0 0,1 11,4.75A0.75,0.75 0 0,1 10.25,5.5A0.75,0.75 0 0,1 9.5,4.75A0.75,0.75 0 0,1 10.25,4M17.75,5.5A0.75,0.75 0 0,1 18.5,6.25A0.75,0.75 0 0,1 17.75,7A0.75,0.75 0 0,1 17,6.25A0.75,0.75 0 0,1 17.75,5.5M16,22V24H4A2,2 0 0,1 2,22V6H4V22H16Z"
                />
              </svg>
              <span
                class="text iconIncluded"
              >
                Contexts 
                <span
                  class="badge badgeCapitalized d-inline-flex align-items-center badge-info ml-1"
                >
                  new
                </span>
              </span>
            </span>
          </a>
        </li>
        <li
          class="item"
        >
          <a
            class="link"
            href="/extensions"
          >
            <span
              class="linkContent"
            >
              <svg
                class="mdi-icon icon-inline icon"
                fill="currentColor"
                height="24"
                viewBox="0 0 24 24"
                width="24"
              >
                <path
                  d="M22,13.5C22,15.26 20.7,16.72 19,16.96V20A2,2 0 0,1 17,22H13.2V21.7A2.7,2.7 0 0,0 10.5,19C9,19 7.8,20.21 7.8,21.7V22H4A2,2 0 0,1 2,20V16.2H2.3C3.79,16.2 5,15 5,13.5C5,12 3.79,10.8 2.3,10.8H2V7A2,2 0 0,1 4,5H7.04C7.28,3.3 8.74,2 10.5,2C12.26,2 13.72,3.3 13.96,5H17A2,2 0 0,1 19,7V10.04C20.7,10.28 22,11.74 22,13.5M17,15H18.5A1.5,1.5 0 0,0 20,13.5A1.5,1.5 0 0,0 18.5,12H17V7H12V5.5A1.5,1.5 0 0,0 10.5,4A1.5,1.5 0 0,0 9,5.5V7H4V9.12C5.76,9.8 7,11.5 7,13.5C7,15.5 5.75,17.2 4,17.88V20H6.12C6.8,18.25 8.5,17 10.5,17C12.5,17 14.2,18.25 14.88,20H17V15Z"
                />
              </svg>
              <span
                class="text iconIncluded"
              >
                Extensions
              </span>
            </span>
          </a>
        </li>
      </ul>
    </div>
    <ul
      class="actions"
    >
      <li
        class="action"
      >
        <a
          class="link"
          to="https://about.sourcegraph.com"
        >
          About 
          <span
            class="d-none d-sm-inline"
          >
            Sourcegraph
          </span>
        </a>
      </li>
      <li
        class="action"
      >
        <div>
          <a
            class="btn btn-sm btn-outline-secondary mr-1"
            to="/sign-in"
          >
            Log in
          </a>
          <a
            class="btn btn-sm signUp"
            to="/sign-up"
          >
            Sign up
          </a>
        </div>
      </li>
    </ul>
  </nav>
  <div
    class="w-100 px-3 pt-2"
  >
    <div
      class="pb-2 border-bottom"
    >
      <searchnavbaritem
        availableversioncontexts=""
        defaultsearchcontextspec=""
        extensionscontroller="[object Object]"
        history="[object Object]"
        keyboardshortcuts=""
        location="[object Object]"
        parsedsearchquery="r:golang/oauth2 test f:travis"
        patterntype="literal"
        platformcontext="[object Object]"
        routes=""
        selectedsearchcontextspec=""
        settingscascade="[object Object]"
        telemetryservice="[object Object]"
        themepreference="light"
      />
    </div>
  </div>
</DocumentFragment>
`;
